C:\Users\aughb\CS511ConcurrentProgramming\Promela>spin -a cr.pml
ltl p1: <> ((nr_leaders>0))

C:\Users\aughb\CS511ConcurrentProgramming\Promela>gcc -o pan pan.c

C:\Users\aughb\CS511ConcurrentProgramming\Promela>pan -a -f

(Spin Version 6.5.1 -- 20 December 2019)
        + Partial Order Reduction

Full statespace search for:
        never claim             + (p1)
        assertion violations    + (if within scope of claim)
        acceptance   cycles     + (fairness enabled)
        invalid end states      - (disabled by never claim)

State-vector 180 byte, depth reached 211, errors: 0
     2203 states, stored (8929 visited)
     8805 states, matched
    17734 transitions (= visited+matched)
      720 atomic steps
hash conflicts:         0 (resolved)

Stats on memory usage (in Megabytes):
    0.412       equivalent memory usage for states (stored*(State-vector + overhead))
    0.580       actual memory usage for states
   64.000       memory used for hash table (-w24)
    0.343       memory used for DFS stack (-m10000)
   64.832       total actual memory usage


unreached in proctype nnode
        cr.pml:52, state 30, "-end-"
        (1 of 30 states)
unreached in init
        (0 of 35 states)
unreached in claim p1
        _spin_nvr.tmp:6, state 6, "-end-"
        (1 of 6 states)

pan: elapsed time 0.031 seconds
pan: rate 288032.26 states/second

C:\Users\aughb\CS511ConcurrentProgramming\Promela>spin -a cr.pml
ltl p1: <> ((nr_leaders>0))

C:\Users\aughb\CS511ConcurrentProgramming\Promela>gcc -o pan pan.c

C:\Users\aughb\CS511ConcurrentProgramming\Promela>pan -a -f

(Spin Version 6.5.1 -- 20 December 2019)
        + Partial Order Reduction

Full statespace search for:
        never claim             + (p1)
        assertion violations    + (if within scope of claim)
        acceptance   cycles     + (fairness enabled)
        invalid end states      - (disabled by never claim)

State-vector 180 byte, depth reached 211, errors: 0
     2203 states, stored (8929 visited)
     8805 states, matched
    17734 transitions (= visited+matched)
      720 atomic steps
hash conflicts:         0 (resolved)

Stats on memory usage (in Megabytes):
    0.412       equivalent memory usage for states (stored*(State-vector + overhead))
    0.580       actual memory usage for states
   64.000       memory used for hash table (-w24)
    0.343       memory used for DFS stack (-m10000)
   64.832       total actual memory usage


unreached in proctype nnode
        cr.pml:52, state 30, "-end-"
        (1 of 30 states)
unreached in init
        (0 of 35 states)
unreached in claim p1
        _spin_nvr.tmp:6, state 6, "-end-"
        (1 of 6 states)

pan: elapsed time 0.031 seconds
pan: rate 288032.26 states/second